MPLINK 5.09, LINKER
Linker Map File - Created Wed Oct 04 13:27:50 2023

                                 Section Info
                  Section       Type    Address   Location Size(Bytes)
                ---------  ---------  ---------  ---------  ---------
                   .org_0       code   0x000000    program   0x000002
                   .cinit    romdata   0x000001    program   0x000004
                   .org_1       code   0x000004    program   0x0000e0
.config_2007_BUILD/DEFAULT/DEBUG/MAIN.O       code   0x002007    program   0x000002



                              Program Memory Usage 
                               Start         End      
                           ---------   ---------      
                            0x000000    0x000002      
                            0x000004    0x000073      
                            0x002007    0x002007      
            116 out of 8454 program addresses used, program memory utilization is 1%



                              Symbols - Sorted by Name
                     Name    Address   Location    Storage File                     
                ---------  ---------  ---------  --------- ---------                
      NineNineQndZeroZero   0x000065    program     static C:\codigos\ex_contador\src\contador_dec.X\main.asm
            context_saver   0x000004    program     static C:\codigos\ex_contador\src\contador_dec.X\main.asm
                 decrease   0x000043    program     static C:\codigos\ex_contador\src\contador_dec.X\main.asm
              decreaseDez   0x000056    program     static C:\codigos\ex_contador\src\contador_dec.X\main.asm
                 exit_INT   0x000017    program     static C:\codigos\ex_contador\src\contador_dec.X\main.asm
                 increase   0x00003a    program     static C:\codigos\ex_contador\src\contador_dec.X\main.asm
              increaseDez   0x00004c    program     static C:\codigos\ex_contador\src\contador_dec.X\main.asm
                     main   0x000033    program     static C:\codigos\ex_contador\src\contador_dec.X\main.asm
                    start   0x000020    program     static C:\codigos\ex_contador\src\contador_dec.X\main.asm
               temporizer   0x000070    program     static C:\codigos\ex_contador\src\contador_dec.X\main.asm
          zeraQndNineNine   0x000060    program     static C:\codigos\ex_contador\src\contador_dec.X\main.asm
            zeroOnDisplay   0x00006a    program     static C:\codigos\ex_contador\src\contador_dec.X\main.asm



                              Symbols - Sorted by Address
                     Name    Address   Location    Storage File                     
                ---------  ---------  ---------  --------- ---------                
            context_saver   0x000004    program     static C:\codigos\ex_contador\src\contador_dec.X\main.asm
                 exit_INT   0x000017    program     static C:\codigos\ex_contador\src\contador_dec.X\main.asm
                    start   0x000020    program     static C:\codigos\ex_contador\src\contador_dec.X\main.asm
                     main   0x000033    program     static C:\codigos\ex_contador\src\contador_dec.X\main.asm
                 increase   0x00003a    program     static C:\codigos\ex_contador\src\contador_dec.X\main.asm
                 decrease   0x000043    program     static C:\codigos\ex_contador\src\contador_dec.X\main.asm
              increaseDez   0x00004c    program     static C:\codigos\ex_contador\src\contador_dec.X\main.asm
              decreaseDez   0x000056    program     static C:\codigos\ex_contador\src\contador_dec.X\main.asm
          zeraQndNineNine   0x000060    program     static C:\codigos\ex_contador\src\contador_dec.X\main.asm
      NineNineQndZeroZero   0x000065    program     static C:\codigos\ex_contador\src\contador_dec.X\main.asm
            zeroOnDisplay   0x00006a    program     static C:\codigos\ex_contador\src\contador_dec.X\main.asm
               temporizer   0x000070    program     static C:\codigos\ex_contador\src\contador_dec.X\main.asm


