MPLINK 5.09, LINKER
Linker Map File - Created Tue Sep 19 15:25:40 2023

                                 Section Info
                  Section       Type    Address   Location Size(Bytes)
                ---------  ---------  ---------  ---------  ---------
                   .org_0       code   0x000000    program   0x000002
                   .cinit    romdata   0x000001    program   0x000004
                   .org_1       code   0x000004    program   0x0000a8
.config_2007_BUILD/DEFAULT/PRODUCTION/MAIN_PR       code   0x002007    program   0x000002



                              Program Memory Usage 
                               Start         End      
                           ---------   ---------      
                            0x000000    0x000002      
                            0x000004    0x000057      
                            0x002007    0x002007      
            88 out of 8454 program addresses used, program memory utilization is 1%



                              Symbols - Sorted by Name
                     Name    Address   Location    Storage File                     
                ---------  ---------  ---------  --------- ---------                
             _.org_1_0024   0x000024    program     static C:\codigos\exercicio_prensa\mplab_codigo\main_prensa.X\main_prensa_asm.asm
             _.org_1_0026   0x000026    program     static C:\codigos\exercicio_prensa\mplab_codigo\main_prensa.X\main_prensa_asm.asm
                    conta   0x00001e    program     static C:\codigos\exercicio_prensa\mplab_codigo\main_prensa.X\main_prensa_asm.asm
                 delay_ms   0x00001d    program     static C:\codigos\exercicio_prensa\mplab_codigo\main_prensa.X\main_prensa_asm.asm
                   inicio   0x000031    program     static C:\codigos\exercicio_prensa\mplab_codigo\main_prensa.X\main_prensa_asm.asm
                  int_rb0   0x00000f    program     static C:\codigos\exercicio_prensa\mplab_codigo\main_prensa.X\main_prensa_asm.asm
                     loop   0x000052    program     static C:\codigos\exercicio_prensa\mplab_codigo\main_prensa.X\main_prensa_asm.asm
                  sai_int   0x000014    program     static C:\codigos\exercicio_prensa\mplab_codigo\main_prensa.X\main_prensa_asm.asm
              sai_int_rb0   0x000013    program     static C:\codigos\exercicio_prensa\mplab_codigo\main_prensa.X\main_prensa_asm.asm
           salva_contexto   0x000004    program     static C:\codigos\exercicio_prensa\mplab_codigo\main_prensa.X\main_prensa_asm.asm
            trata_entrada   0x00002a    program     static C:\codigos\exercicio_prensa\mplab_codigo\main_prensa.X\main_prensa_asm.asm
                    volta   0x000011    program     static C:\codigos\exercicio_prensa\mplab_codigo\main_prensa.X\main_prensa_asm.asm



                              Symbols - Sorted by Address
                     Name    Address   Location    Storage File                     
                ---------  ---------  ---------  --------- ---------                
           salva_contexto   0x000004    program     static C:\codigos\exercicio_prensa\mplab_codigo\main_prensa.X\main_prensa_asm.asm
                  int_rb0   0x00000f    program     static C:\codigos\exercicio_prensa\mplab_codigo\main_prensa.X\main_prensa_asm.asm
                    volta   0x000011    program     static C:\codigos\exercicio_prensa\mplab_codigo\main_prensa.X\main_prensa_asm.asm
              sai_int_rb0   0x000013    program     static C:\codigos\exercicio_prensa\mplab_codigo\main_prensa.X\main_prensa_asm.asm
                  sai_int   0x000014    program     static C:\codigos\exercicio_prensa\mplab_codigo\main_prensa.X\main_prensa_asm.asm
                 delay_ms   0x00001d    program     static C:\codigos\exercicio_prensa\mplab_codigo\main_prensa.X\main_prensa_asm.asm
                    conta   0x00001e    program     static C:\codigos\exercicio_prensa\mplab_codigo\main_prensa.X\main_prensa_asm.asm
             _.org_1_0024   0x000024    program     static C:\codigos\exercicio_prensa\mplab_codigo\main_prensa.X\main_prensa_asm.asm
             _.org_1_0026   0x000026    program     static C:\codigos\exercicio_prensa\mplab_codigo\main_prensa.X\main_prensa_asm.asm
            trata_entrada   0x00002a    program     static C:\codigos\exercicio_prensa\mplab_codigo\main_prensa.X\main_prensa_asm.asm
                   inicio   0x000031    program     static C:\codigos\exercicio_prensa\mplab_codigo\main_prensa.X\main_prensa_asm.asm
                     loop   0x000052    program     static C:\codigos\exercicio_prensa\mplab_codigo\main_prensa.X\main_prensa_asm.asm


